// Jest Snapshot v1, https://goo.gl/fbAQLP

exports[`train function output matches snapshot 1`] = `"hoooooooooooooooooooooooooooooooooooooooooooooooooooooooooooooooooooooooooooooooooooooooooooooooooooo"`;
